// Jest Snapshot v1, https://goo.gl/fbAQLP

exports[`NoteList renders correctly 1`] = `
Array [
  <a
    aria-current={null}
    href="/1"
    onClick={[Function]}
  >
    Detail
  </a>,
  <h1>
    NOTE LIST
  </h1>,
]
`;
