// Jest Snapshot v1, https://goo.gl/fbAQLP

exports[`NoteEdit renders correctly 1`] = `
Array [
  <a
    aria-current={null}
    href="/1"
    onClick={[Function]}
  >
    Back
  </a>,
  "Â ",
  <a
    aria-current="page"
    className="active"
    href="/"
    onClick={[Function]}
    style={Object {}}
  >
    Home
  </a>,
  <h1>
    NOTE EDIT
  </h1>,
]
`;
